2026-06-12T09:53:28.409-05:00  INFO 16496 --- [sistema-matricula-utp] [restartedMain] p.e.u.m.SistemaMatriculaUtpApplication   : Starting SistemaMatriculaUtpApplication using Java 21.0.8 with PID 16496 (C:\Users\MARCOS\Documents\IntegradorMimi\sistema-matricula-utp\target\classes started by MARCOS in C:\Users\MARCOS\Documents\IntegradorMimi\sistema-matricula-utp)
2026-06-12T09:53:28.412-05:00 DEBUG 16496 --- [sistema-matricula-utp] [restartedMain] p.e.u.m.SistemaMatriculaUtpApplication   : Running with Spring Boot v3.3.0, Spring v6.1.8
2026-06-12T09:53:28.412-05:00  INFO 16496 --- [sistema-matricula-utp] [restartedMain] p.e.u.m.SistemaMatriculaUtpApplication   : The following 1 profile is active: "local"
2026-06-12T09:54:49.114-05:00  INFO 11572 --- [sistema-matricula-utp] [restartedMain] p.e.u.m.SistemaMatriculaUtpApplication   : Starting SistemaMatriculaUtpApplication using Java 21.0.8 with PID 11572 (C:\Users\MARCOS\Documents\IntegradorMimi\sistema-matricula-utp\target\classes started by MARCOS in C:\Users\MARCOS\Documents\IntegradorMimi\sistema-matricula-utp)
2026-06-12T09:54:49.115-05:00 DEBUG 11572 --- [sistema-matricula-utp] [restartedMain] p.e.u.m.SistemaMatriculaUtpApplication   : Running with Spring Boot v3.3.0, Spring v6.1.8
2026-06-12T09:54:49.116-05:00  INFO 11572 --- [sistema-matricula-utp] [restartedMain] p.e.u.m.SistemaMatriculaUtpApplication   : The following 1 profile is active: "local"
2026-06-12T09:55:25.327-05:00  INFO 24520 --- [sistema-matricula-utp] [restartedMain] p.e.u.m.SistemaMatriculaUtpApplication   : Starting SistemaMatriculaUtpApplication using Java 21.0.8 with PID 24520 (C:\Users\MARCOS\Documents\IntegradorMimi\sistema-matricula-utp\target\classes started by MARCOS in C:\Users\MARCOS\Documents\IntegradorMimi\sistema-matricula-utp)
2026-06-12T09:55:25.331-05:00 DEBUG 24520 --- [sistema-matricula-utp] [restartedMain] p.e.u.m.SistemaMatriculaUtpApplication   : Running with Spring Boot v3.3.0, Spring v6.1.8
2026-06-12T09:55:25.332-05:00  INFO 24520 --- [sistema-matricula-utp] [restartedMain] p.e.u.m.SistemaMatriculaUtpApplication   : The following 1 profile is active: "local"
2026-06-12T09:55:53.473-05:00  INFO 24632 --- [sistema-matricula-utp] [restartedMain] p.e.u.m.SistemaMatriculaUtpApplication   : Starting SistemaMatriculaUtpApplication using Java 21.0.8 with PID 24632 (C:\Users\MARCOS\Documents\IntegradorMimi\sistema-matricula-utp\target\classes started by MARCOS in C:\Users\MARCOS\Documents\IntegradorMimi\sistema-matricula-utp)
2026-06-12T09:55:53.474-05:00 DEBUG 24632 --- [sistema-matricula-utp] [restartedMain] p.e.u.m.SistemaMatriculaUtpApplication   : Running with Spring Boot v3.3.0, Spring v6.1.8
2026-06-12T09:55:53.475-05:00  INFO 24632 --- [sistema-matricula-utp] [restartedMain] p.e.u.m.SistemaMatriculaUtpApplication   : The following 1 profile is active: "local"
2026-06-12T09:55:58.212-05:00  INFO 24632 --- [sistema-matricula-utp] [restartedMain] p.e.u.m.SistemaMatriculaUtpApplication   : Started SistemaMatriculaUtpApplication in 5.187 seconds (process running for 5.543)
2026-06-12T10:02:16.359-05:00  INFO 24632 --- [sistema-matricula-utp] [restartedMain] p.e.u.m.SistemaMatriculaUtpApplication   : Starting SistemaMatriculaUtpApplication using Java 21.0.8 with PID 24632 (C:\Users\MARCOS\Documents\IntegradorMimi\sistema-matricula-utp\target\classes started by MARCOS in C:\Users\MARCOS\Documents\IntegradorMimi\sistema-matricula-utp)
2026-06-12T10:02:16.360-05:00 DEBUG 24632 --- [sistema-matricula-utp] [restartedMain] p.e.u.m.SistemaMatriculaUtpApplication   : Running with Spring Boot v3.3.0, Spring v6.1.8
2026-06-12T10:02:16.360-05:00  INFO 24632 --- [sistema-matricula-utp] [restartedMain] p.e.u.m.SistemaMatriculaUtpApplication   : The following 1 profile is active: "local"
2026-06-12T10:02:19.265-05:00  INFO 11732 --- [sistema-matricula-utp] [restartedMain] p.e.u.m.SistemaMatriculaUtpApplication   : Starting SistemaMatriculaUtpApplication using Java 21.0.8 with PID 11732 (C:\Users\MARCOS\Documents\IntegradorMimi\sistema-matricula-utp\target\classes started by MARCOS in C:\Users\MARCOS\Documents\IntegradorMimi\sistema-matricula-utp)
2026-06-12T10:02:19.266-05:00 DEBUG 11732 --- [sistema-matricula-utp] [restartedMain] p.e.u.m.SistemaMatriculaUtpApplication   : Running with Spring Boot v3.3.0, Spring v6.1.8
2026-06-12T10:02:19.267-05:00  INFO 11732 --- [sistema-matricula-utp] [restartedMain] p.e.u.m.SistemaMatriculaUtpApplication   : The following 1 profile is active: "local"
2026-06-12T10:02:20.563-05:00  INFO 24632 --- [sistema-matricula-utp] [restartedMain] p.e.u.m.SistemaMatriculaUtpApplication   : Starting SistemaMatriculaUtpApplication using Java 21.0.8 with PID 24632 (C:\Users\MARCOS\Documents\IntegradorMimi\sistema-matricula-utp\target\classes started by MARCOS in C:\Users\MARCOS\Documents\IntegradorMimi\sistema-matricula-utp)
2026-06-12T10:02:20.564-05:00 DEBUG 24632 --- [sistema-matricula-utp] [restartedMain] p.e.u.m.SistemaMatriculaUtpApplication   : Running with Spring Boot v3.3.0, Spring v6.1.8
2026-06-12T10:02:20.564-05:00  INFO 24632 --- [sistema-matricula-utp] [restartedMain] p.e.u.m.SistemaMatriculaUtpApplication   : The following 1 profile is active: "local"
2026-06-12T10:02:21.721-05:00  INFO 24632 --- [sistema-matricula-utp] [restartedMain] p.e.u.m.SistemaMatriculaUtpApplication   : Started SistemaMatriculaUtpApplication in 1.197 seconds (process running for 389.066)
2026-06-12T10:02:50.984-05:00  INFO 12476 --- [sistema-matricula-utp] [restartedMain] p.e.u.m.SistemaMatriculaUtpApplication   : Starting SistemaMatriculaUtpApplication using Java 21.0.8 with PID 12476 (C:\Users\MARCOS\Documents\IntegradorMimi\sistema-matricula-utp\target\classes started by MARCOS in C:\Users\MARCOS\Documents\IntegradorMimi\sistema-matricula-utp)
2026-06-12T10:02:50.985-05:00 DEBUG 12476 --- [sistema-matricula-utp] [restartedMain] p.e.u.m.SistemaMatriculaUtpApplication   : Running with Spring Boot v3.3.0, Spring v6.1.8
2026-06-12T10:02:50.986-05:00  INFO 12476 --- [sistema-matricula-utp] [restartedMain] p.e.u.m.SistemaMatriculaUtpApplication   : The following 1 profile is active: "local"
2026-06-12T10:02:55.633-05:00  INFO 12476 --- [sistema-matricula-utp] [restartedMain] p.e.u.m.SistemaMatriculaUtpApplication   : Started SistemaMatriculaUtpApplication in 5.1 seconds (process running for 5.463)
2026-06-12T10:06:54.648-05:00  INFO 19616 --- [sistema-matricula-utp] [restartedMain] p.e.u.m.SistemaMatriculaUtpApplication   : Starting SistemaMatriculaUtpApplication using Java 21.0.8 with PID 19616 (C:\Users\MARCOS\Documents\IntegradorMimi\sistema-matricula-utp\target\classes started by MARCOS in C:\Users\MARCOS\Documents\IntegradorMimi\sistema-matricula-utp)
2026-06-12T10:06:54.650-05:00 DEBUG 19616 --- [sistema-matricula-utp] [restartedMain] p.e.u.m.SistemaMatriculaUtpApplication   : Running with Spring Boot v3.3.0, Spring v6.1.8
2026-06-12T10:06:54.650-05:00  INFO 19616 --- [sistema-matricula-utp] [restartedMain] p.e.u.m.SistemaMatriculaUtpApplication   : The following 1 profile is active: "local"
2026-06-12T10:06:59.215-05:00  INFO 19616 --- [sistema-matricula-utp] [restartedMain] p.e.u.m.SistemaMatriculaUtpApplication   : Started SistemaMatriculaUtpApplication in 5.067 seconds (process running for 5.55)
2026-06-12T10:09:18.661-05:00  INFO 19616 --- [sistema-matricula-utp] [restartedMain] p.e.u.m.SistemaMatriculaUtpApplication   : Starting SistemaMatriculaUtpApplication using Java 21.0.8 with PID 19616 (C:\Users\MARCOS\Documents\IntegradorMimi\sistema-matricula-utp\target\classes started by MARCOS in C:\Users\MARCOS\Documents\IntegradorMimi\sistema-matricula-utp)
2026-06-12T10:09:18.662-05:00 DEBUG 19616 --- [sistema-matricula-utp] [restartedMain] p.e.u.m.SistemaMatriculaUtpApplication   : Running with Spring Boot v3.3.0, Spring v6.1.8
2026-06-12T10:09:18.662-05:00  INFO 19616 --- [sistema-matricula-utp] [restartedMain] p.e.u.m.SistemaMatriculaUtpApplication   : The following 1 profile is active: "local"
2026-06-12T10:09:19.543-05:00  INFO 19616 --- [sistema-matricula-utp] [restartedMain] p.e.u.m.SistemaMatriculaUtpApplication   : Started SistemaMatriculaUtpApplication in 0.914 seconds (process running for 145.88)
2026-06-12T10:09:21.071-05:00  INFO 19616 --- [sistema-matricula-utp] [restartedMain] p.e.u.m.SistemaMatriculaUtpApplication   : Starting SistemaMatriculaUtpApplication using Java 21.0.8 with PID 19616 (C:\Users\MARCOS\Documents\IntegradorMimi\sistema-matricula-utp\target\classes started by MARCOS in C:\Users\MARCOS\Documents\IntegradorMimi\sistema-matricula-utp)
2026-06-12T10:09:21.072-05:00 DEBUG 19616 --- [sistema-matricula-utp] [restartedMain] p.e.u.m.SistemaMatriculaUtpApplication   : Running with Spring Boot v3.3.0, Spring v6.1.8
2026-06-12T10:09:21.072-05:00  INFO 19616 --- [sistema-matricula-utp] [restartedMain] p.e.u.m.SistemaMatriculaUtpApplication   : The following 1 profile is active: "local"
2026-06-12T10:09:21.963-05:00  INFO 19616 --- [sistema-matricula-utp] [restartedMain] p.e.u.m.SistemaMatriculaUtpApplication   : Started SistemaMatriculaUtpApplication in 0.921 seconds (process running for 148.301)
2026-06-12T10:16:46.867-05:00  INFO 23264 --- [sistema-matricula-utp] [restartedMain] p.e.u.m.SistemaMatriculaUtpApplication   : Starting SistemaMatriculaUtpApplication using Java 21.0.8 with PID 23264 (C:\Users\MARCOS\Documents\IntegradorMimi\sistema-matricula-utp\target\classes started by MARCOS in C:\Users\MARCOS\Documents\IntegradorMimi\sistema-matricula-utp)
2026-06-12T10:16:46.868-05:00 DEBUG 23264 --- [sistema-matricula-utp] [restartedMain] p.e.u.m.SistemaMatriculaUtpApplication   : Running with Spring Boot v3.3.0, Spring v6.1.8
2026-06-12T10:16:46.868-05:00  INFO 23264 --- [sistema-matricula-utp] [restartedMain] p.e.u.m.SistemaMatriculaUtpApplication   : The following 1 profile is active: "local"
2026-06-12T10:16:51.175-05:00  INFO 23264 --- [sistema-matricula-utp] [restartedMain] p.e.u.m.SistemaMatriculaUtpApplication   : Started SistemaMatriculaUtpApplication in 4.735 seconds (process running for 5.114)
2026-06-12T10:18:59.899-05:00  INFO 23264 --- [sistema-matricula-utp] [restartedMain] p.e.u.m.SistemaMatriculaUtpApplication   : Starting SistemaMatriculaUtpApplication using Java 21.0.8 with PID 23264 (C:\Users\MARCOS\Documents\IntegradorMimi\sistema-matricula-utp\target\classes started by MARCOS in C:\Users\MARCOS\Documents\IntegradorMimi\sistema-matricula-utp)
2026-06-12T10:18:59.900-05:00 DEBUG 23264 --- [sistema-matricula-utp] [restartedMain] p.e.u.m.SistemaMatriculaUtpApplication   : Running with Spring Boot v3.3.0, Spring v6.1.8
2026-06-12T10:18:59.901-05:00  INFO 23264 --- [sistema-matricula-utp] [restartedMain] p.e.u.m.SistemaMatriculaUtpApplication   : The following 1 profile is active: "local"
2026-06-12T10:19:00.684-05:00  INFO 23264 --- [sistema-matricula-utp] [restartedMain] p.e.u.m.SistemaMatriculaUtpApplication   : Started SistemaMatriculaUtpApplication in 0.821 seconds (process running for 134.627)
2026-06-12T10:19:02.204-05:00  INFO 23264 --- [sistema-matricula-utp] [restartedMain] p.e.u.m.SistemaMatriculaUtpApplication   : Starting SistemaMatriculaUtpApplication using Java 21.0.8 with PID 23264 (C:\Users\MARCOS\Documents\IntegradorMimi\sistema-matricula-utp\target\classes started by MARCOS in C:\Users\MARCOS\Documents\IntegradorMimi\sistema-matricula-utp)
2026-06-12T10:19:02.204-05:00 DEBUG 23264 --- [sistema-matricula-utp] [restartedMain] p.e.u.m.SistemaMatriculaUtpApplication   : Running with Spring Boot v3.3.0, Spring v6.1.8
2026-06-12T10:19:02.204-05:00  INFO 23264 --- [sistema-matricula-utp] [restartedMain] p.e.u.m.SistemaMatriculaUtpApplication   : The following 1 profile is active: "local"
2026-06-12T10:19:03.159-05:00  INFO 23264 --- [sistema-matricula-utp] [restartedMain] p.e.u.m.SistemaMatriculaUtpApplication   : Started SistemaMatriculaUtpApplication in 0.989 seconds (process running for 137.101)
2026-06-12T10:19:07.231-05:00  INFO 5636 --- [sistema-matricula-utp] [main] p.e.u.m.repository.CursoRepositoryTest   : Starting CursoRepositoryTest using Java 21.0.8 with PID 5636 (started by MARCOS in C:\Users\MARCOS\Documents\IntegradorMimi\sistema-matricula-utp)
2026-06-12T10:19:07.238-05:00 DEBUG 5636 --- [sistema-matricula-utp] [main] p.e.u.m.repository.CursoRepositoryTest   : Running with Spring Boot v3.3.0, Spring v6.1.8
2026-06-12T10:19:07.238-05:00  INFO 5636 --- [sistema-matricula-utp] [main] p.e.u.m.repository.CursoRepositoryTest   : The following 1 profile is active: "local"
2026-06-12T10:19:11.949-05:00  INFO 5636 --- [sistema-matricula-utp] [main] .u.m.SistemaMatriculaUtpApplicationTests : Starting SistemaMatriculaUtpApplicationTests using Java 21.0.8 with PID 5636 (started by MARCOS in C:\Users\MARCOS\Documents\IntegradorMimi\sistema-matricula-utp)
2026-06-12T10:19:11.950-05:00 DEBUG 5636 --- [sistema-matricula-utp] [main] .u.m.SistemaMatriculaUtpApplicationTests : Running with Spring Boot v3.3.0, Spring v6.1.8
2026-06-12T10:19:11.950-05:00  INFO 5636 --- [sistema-matricula-utp] [main] .u.m.SistemaMatriculaUtpApplicationTests : The following 1 profile is active: "local"
2026-06-12T10:19:18.515-05:00  INFO 5636 --- [sistema-matricula-utp] [main] .u.m.SistemaMatriculaUtpApplicationTests : Started SistemaMatriculaUtpApplicationTests in 6.673 seconds (process running for 13.719)
2026-06-12T10:20:49.629-05:00  INFO 23264 --- [sistema-matricula-utp] [restartedMain] p.e.u.m.SistemaMatriculaUtpApplication   : Starting SistemaMatriculaUtpApplication using Java 21.0.8 with PID 23264 (C:\Users\MARCOS\Documents\IntegradorMimi\sistema-matricula-utp\target\classes started by MARCOS in C:\Users\MARCOS\Documents\IntegradorMimi\sistema-matricula-utp)
2026-06-12T10:20:49.629-05:00 DEBUG 23264 --- [sistema-matricula-utp] [restartedMain] p.e.u.m.SistemaMatriculaUtpApplication   : Running with Spring Boot v3.3.0, Spring v6.1.8
2026-06-12T10:20:49.629-05:00  INFO 23264 --- [sistema-matricula-utp] [restartedMain] p.e.u.m.SistemaMatriculaUtpApplication   : The following 1 profile is active: "local"
2026-06-12T10:20:51.386-05:00  INFO 23264 --- [sistema-matricula-utp] [restartedMain] p.e.u.m.SistemaMatriculaUtpApplication   : Starting SistemaMatriculaUtpApplication using Java 21.0.8 with PID 23264 (C:\Users\MARCOS\Documents\IntegradorMimi\sistema-matricula-utp\target\classes started by MARCOS in C:\Users\MARCOS\Documents\IntegradorMimi\sistema-matricula-utp)
2026-06-12T10:20:51.386-05:00 DEBUG 23264 --- [sistema-matricula-utp] [restartedMain] p.e.u.m.SistemaMatriculaUtpApplication   : Running with Spring Boot v3.3.0, Spring v6.1.8
2026-06-12T10:20:51.386-05:00  INFO 23264 --- [sistema-matricula-utp] [restartedMain] p.e.u.m.SistemaMatriculaUtpApplication   : The following 1 profile is active: "local"
2026-06-12T10:20:52.587-05:00  INFO 23264 --- [sistema-matricula-utp] [restartedMain] p.e.u.m.SistemaMatriculaUtpApplication   : Started SistemaMatriculaUtpApplication in 1.23 seconds (process running for 246.533)
2026-06-12T10:20:54.521-05:00  INFO 24408 --- [sistema-matricula-utp] [main] p.e.u.m.repository.CursoRepositoryTest   : Starting CursoRepositoryTest using Java 21.0.8 with PID 24408 (started by MARCOS in C:\Users\MARCOS\Documents\IntegradorMimi\sistema-matricula-utp)
2026-06-12T10:20:54.523-05:00 DEBUG 24408 --- [sistema-matricula-utp] [main] p.e.u.m.repository.CursoRepositoryTest   : Running with Spring Boot v3.3.0, Spring v6.1.8
2026-06-12T10:20:54.524-05:00  INFO 24408 --- [sistema-matricula-utp] [main] p.e.u.m.repository.CursoRepositoryTest   : The following 1 profile is active: "local"
2026-06-12T10:21:01.062-05:00  INFO 24408 --- [sistema-matricula-utp] [main] .u.m.SistemaMatriculaUtpApplicationTests : Starting SistemaMatriculaUtpApplicationTests using Java 21.0.8 with PID 24408 (started by MARCOS in C:\Users\MARCOS\Documents\IntegradorMimi\sistema-matricula-utp)
2026-06-12T10:21:01.062-05:00 DEBUG 24408 --- [sistema-matricula-utp] [main] .u.m.SistemaMatriculaUtpApplicationTests : Running with Spring Boot v3.3.0, Spring v6.1.8
2026-06-12T10:21:01.062-05:00  INFO 24408 --- [sistema-matricula-utp] [main] .u.m.SistemaMatriculaUtpApplicationTests : The following 1 profile is active: "local"
2026-06-12T10:21:05.599-05:00  INFO 24408 --- [sistema-matricula-utp] [main] .u.m.SistemaMatriculaUtpApplicationTests : Started SistemaMatriculaUtpApplicationTests in 4.627 seconds (process running for 14.228)
2026-06-12T10:22:49.704-05:00  INFO 23264 --- [sistema-matricula-utp] [restartedMain] p.e.u.m.SistemaMatriculaUtpApplication   : Starting SistemaMatriculaUtpApplication using Java 21.0.8 with PID 23264 (C:\Users\MARCOS\Documents\IntegradorMimi\sistema-matricula-utp\target\classes started by MARCOS in C:\Users\MARCOS\Documents\IntegradorMimi\sistema-matricula-utp)
2026-06-12T10:22:49.705-05:00 DEBUG 23264 --- [sistema-matricula-utp] [restartedMain] p.e.u.m.SistemaMatriculaUtpApplication   : Running with Spring Boot v3.3.0, Spring v6.1.8
2026-06-12T10:22:49.705-05:00  INFO 23264 --- [sistema-matricula-utp] [restartedMain] p.e.u.m.SistemaMatriculaUtpApplication   : The following 1 profile is active: "local"
2026-06-12T10:22:50.713-05:00  INFO 23264 --- [sistema-matricula-utp] [restartedMain] p.e.u.m.SistemaMatriculaUtpApplication   : Started SistemaMatriculaUtpApplication in 1.047 seconds (process running for 364.66)
2026-06-12T10:22:52.223-05:00  INFO 23264 --- [sistema-matricula-utp] [restartedMain] p.e.u.m.SistemaMatriculaUtpApplication   : Starting SistemaMatriculaUtpApplication using Java 21.0.8 with PID 23264 (C:\Users\MARCOS\Documents\IntegradorMimi\sistema-matricula-utp\target\classes started by MARCOS in C:\Users\MARCOS\Documents\IntegradorMimi\sistema-matricula-utp)
2026-06-12T10:22:52.223-05:00 DEBUG 23264 --- [sistema-matricula-utp] [restartedMain] p.e.u.m.SistemaMatriculaUtpApplication   : Running with Spring Boot v3.3.0, Spring v6.1.8
2026-06-12T10:22:52.223-05:00  INFO 23264 --- [sistema-matricula-utp] [restartedMain] p.e.u.m.SistemaMatriculaUtpApplication   : The following 1 profile is active: "local"
2026-06-12T10:22:52.907-05:00  INFO 23264 --- [sistema-matricula-utp] [restartedMain] p.e.u.m.SistemaMatriculaUtpApplication   : Started SistemaMatriculaUtpApplication in 0.707 seconds (process running for 366.855)
2026-06-12T10:23:00.990-05:00  INFO 23264 --- [sistema-matricula-utp] [restartedMain] p.e.u.m.SistemaMatriculaUtpApplication   : Starting SistemaMatriculaUtpApplication using Java 21.0.8 with PID 23264 (C:\Users\MARCOS\Documents\IntegradorMimi\sistema-matricula-utp\target\classes started by MARCOS in C:\Users\MARCOS\Documents\IntegradorMimi\sistema-matricula-utp)
2026-06-12T10:23:00.991-05:00 DEBUG 23264 --- [sistema-matricula-utp] [restartedMain] p.e.u.m.SistemaMatriculaUtpApplication   : Running with Spring Boot v3.3.0, Spring v6.1.8
2026-06-12T10:23:00.991-05:00  INFO 23264 --- [sistema-matricula-utp] [restartedMain] p.e.u.m.SistemaMatriculaUtpApplication   : The following 1 profile is active: "local"
2026-06-12T10:23:02.694-05:00  INFO 23264 --- [sistema-matricula-utp] [restartedMain] p.e.u.m.SistemaMatriculaUtpApplication   : Starting SistemaMatriculaUtpApplication using Java 21.0.8 with PID 23264 (C:\Users\MARCOS\Documents\IntegradorMimi\sistema-matricula-utp\target\classes started by MARCOS in C:\Users\MARCOS\Documents\IntegradorMimi\sistema-matricula-utp)
2026-06-12T10:23:02.694-05:00 DEBUG 23264 --- [sistema-matricula-utp] [restartedMain] p.e.u.m.SistemaMatriculaUtpApplication   : Running with Spring Boot v3.3.0, Spring v6.1.8
2026-06-12T10:23:02.694-05:00  INFO 23264 --- [sistema-matricula-utp] [restartedMain] p.e.u.m.SistemaMatriculaUtpApplication   : The following 1 profile is active: "local"
2026-06-12T10:23:03.742-05:00  INFO 23264 --- [sistema-matricula-utp] [restartedMain] p.e.u.m.SistemaMatriculaUtpApplication   : Started SistemaMatriculaUtpApplication in 1.071 seconds (process running for 377.69)
2026-06-12T10:23:05.933-05:00  INFO 17728 --- [sistema-matricula-utp] [main] p.e.u.m.repository.CursoRepositoryTest   : Starting CursoRepositoryTest using Java 21.0.8 with PID 17728 (started by MARCOS in C:\Users\MARCOS\Documents\IntegradorMimi\sistema-matricula-utp)
2026-06-12T10:23:05.934-05:00 DEBUG 17728 --- [sistema-matricula-utp] [main] p.e.u.m.repository.CursoRepositoryTest   : Running with Spring Boot v3.3.0, Spring v6.1.8
2026-06-12T10:23:05.935-05:00  INFO 17728 --- [sistema-matricula-utp] [main] p.e.u.m.repository.CursoRepositoryTest   : The following 1 profile is active: "local"
2026-06-12T10:23:12.134-05:00  INFO 17728 --- [sistema-matricula-utp] [main] .u.m.SistemaMatriculaUtpApplicationTests : Starting SistemaMatriculaUtpApplicationTests using Java 21.0.8 with PID 17728 (started by MARCOS in C:\Users\MARCOS\Documents\IntegradorMimi\sistema-matricula-utp)
2026-06-12T10:23:12.134-05:00 DEBUG 17728 --- [sistema-matricula-utp] [main] .u.m.SistemaMatriculaUtpApplicationTests : Running with Spring Boot v3.3.0, Spring v6.1.8
2026-06-12T10:23:12.134-05:00  INFO 17728 --- [sistema-matricula-utp] [main] .u.m.SistemaMatriculaUtpApplicationTests : The following 1 profile is active: "local"
2026-06-12T10:23:16.276-05:00  INFO 17728 --- [sistema-matricula-utp] [main] .u.m.SistemaMatriculaUtpApplicationTests : Started SistemaMatriculaUtpApplicationTests in 4.236 seconds (process running for 13.037)
2026-06-12T10:23:45.341-05:00  INFO 23264 --- [sistema-matricula-utp] [restartedMain] p.e.u.m.SistemaMatriculaUtpApplication   : Starting SistemaMatriculaUtpApplication using Java 21.0.8 with PID 23264 (C:\Users\MARCOS\Documents\IntegradorMimi\sistema-matricula-utp\target\classes started by MARCOS in C:\Users\MARCOS\Documents\IntegradorMimi\sistema-matricula-utp)
2026-06-12T10:23:45.341-05:00 DEBUG 23264 --- [sistema-matricula-utp] [restartedMain] p.e.u.m.SistemaMatriculaUtpApplication   : Running with Spring Boot v3.3.0, Spring v6.1.8
2026-06-12T10:23:45.342-05:00  INFO 23264 --- [sistema-matricula-utp] [restartedMain] p.e.u.m.SistemaMatriculaUtpApplication   : The following 1 profile is active: "local"
2026-06-12T10:23:46.253-05:00  INFO 23264 --- [sistema-matricula-utp] [restartedMain] p.e.u.m.SistemaMatriculaUtpApplication   : Started SistemaMatriculaUtpApplication in 0.943 seconds (process running for 420.202)
2026-06-12T10:23:47.755-05:00  INFO 23264 --- [sistema-matricula-utp] [restartedMain] p.e.u.m.SistemaMatriculaUtpApplication   : Starting SistemaMatriculaUtpApplication using Java 21.0.8 with PID 23264 (C:\Users\MARCOS\Documents\IntegradorMimi\sistema-matricula-utp\target\classes started by MARCOS in C:\Users\MARCOS\Documents\IntegradorMimi\sistema-matricula-utp)
2026-06-12T10:23:47.756-05:00 DEBUG 23264 --- [sistema-matricula-utp] [restartedMain] p.e.u.m.SistemaMatriculaUtpApplication   : Running with Spring Boot v3.3.0, Spring v6.1.8
2026-06-12T10:23:47.756-05:00  INFO 23264 --- [sistema-matricula-utp] [restartedMain] p.e.u.m.SistemaMatriculaUtpApplication   : The following 1 profile is active: "local"
2026-06-12T10:23:48.477-05:00  INFO 23264 --- [sistema-matricula-utp] [restartedMain] p.e.u.m.SistemaMatriculaUtpApplication   : Started SistemaMatriculaUtpApplication in 0.744 seconds (process running for 422.426)
2026-06-12T10:24:12.583-05:00  INFO 23264 --- [sistema-matricula-utp] [restartedMain] p.e.u.m.SistemaMatriculaUtpApplication   : Starting SistemaMatriculaUtpApplication using Java 21.0.8 with PID 23264 (C:\Users\MARCOS\Documents\IntegradorMimi\sistema-matricula-utp\target\classes started by MARCOS in C:\Users\MARCOS\Documents\IntegradorMimi\sistema-matricula-utp)
2026-06-12T10:24:12.584-05:00 DEBUG 23264 --- [sistema-matricula-utp] [restartedMain] p.e.u.m.SistemaMatriculaUtpApplication   : Running with Spring Boot v3.3.0, Spring v6.1.8
2026-06-12T10:24:12.584-05:00  INFO 23264 --- [sistema-matricula-utp] [restartedMain] p.e.u.m.SistemaMatriculaUtpApplication   : The following 1 profile is active: "local"
2026-06-12T10:24:14.715-05:00  INFO 23264 --- [sistema-matricula-utp] [restartedMain] p.e.u.m.SistemaMatriculaUtpApplication   : Starting SistemaMatriculaUtpApplication using Java 21.0.8 with PID 23264 (C:\Users\MARCOS\Documents\IntegradorMimi\sistema-matricula-utp\target\classes started by MARCOS in C:\Users\MARCOS\Documents\IntegradorMimi\sistema-matricula-utp)
2026-06-12T10:24:14.715-05:00 DEBUG 23264 --- [sistema-matricula-utp] [restartedMain] p.e.u.m.SistemaMatriculaUtpApplication   : Running with Spring Boot v3.3.0, Spring v6.1.8
2026-06-12T10:24:14.715-05:00  INFO 23264 --- [sistema-matricula-utp] [restartedMain] p.e.u.m.SistemaMatriculaUtpApplication   : The following 1 profile is active: "local"
2026-06-12T10:24:15.608-05:00  INFO 23264 --- [sistema-matricula-utp] [restartedMain] p.e.u.m.SistemaMatriculaUtpApplication   : Started SistemaMatriculaUtpApplication in 0.927 seconds (process running for 449.557)
2026-06-12T10:24:16.801-05:00  INFO 20532 --- [main] p.e.u.m.repository.CursoRepositoryTest   : Starting CursoRepositoryTest using Java 21.0.8 with PID 20532 (started by MARCOS in C:\Users\MARCOS\Documents\IntegradorMimi\sistema-matricula-utp)
2026-06-12T10:24:16.802-05:00 DEBUG 20532 --- [main] p.e.u.m.repository.CursoRepositoryTest   : Running with Spring Boot v3.3.0, Spring v6.1.8
2026-06-12T10:24:16.802-05:00  INFO 20532 --- [main] p.e.u.m.repository.CursoRepositoryTest   : No active profile set, falling back to 1 default profile: "default"
2026-06-12T10:24:21.999-05:00  INFO 20532 --- [main] p.e.u.m.repository.CursoRepositoryTest   : Started CursoRepositoryTest in 5.98 seconds (process running for 7.735)
2026-06-12T10:24:25.995-05:00  INFO 20532 --- [main] .u.m.SistemaMatriculaUtpApplicationTests : Starting SistemaMatriculaUtpApplicationTests using Java 21.0.8 with PID 20532 (started by MARCOS in C:\Users\MARCOS\Documents\IntegradorMimi\sistema-matricula-utp)
2026-06-12T10:24:25.995-05:00 DEBUG 20532 --- [main] .u.m.SistemaMatriculaUtpApplicationTests : Running with Spring Boot v3.3.0, Spring v6.1.8
2026-06-12T10:24:25.996-05:00  INFO 20532 --- [main] .u.m.SistemaMatriculaUtpApplicationTests : The following 1 profile is active: "local"
2026-06-12T10:24:29.757-05:00  INFO 20532 --- [main] .u.m.SistemaMatriculaUtpApplicationTests : Started SistemaMatriculaUtpApplicationTests in 3.857 seconds (process running for 15.495)
2026-06-12T10:26:07.150-05:00  INFO 23264 --- [sistema-matricula-utp] [restartedMain] p.e.u.m.SistemaMatriculaUtpApplication   : Starting SistemaMatriculaUtpApplication using Java 21.0.8 with PID 23264 (C:\Users\MARCOS\Documents\IntegradorMimi\sistema-matricula-utp\target\classes started by MARCOS in C:\Users\MARCOS\Documents\IntegradorMimi\sistema-matricula-utp)
2026-06-12T10:26:07.151-05:00 DEBUG 23264 --- [sistema-matricula-utp] [restartedMain] p.e.u.m.SistemaMatriculaUtpApplication   : Running with Spring Boot v3.3.0, Spring v6.1.8
2026-06-12T10:26:07.151-05:00  INFO 23264 --- [sistema-matricula-utp] [restartedMain] p.e.u.m.SistemaMatriculaUtpApplication   : The following 1 profile is active: "local"
2026-06-12T10:26:08.883-05:00  INFO 23264 --- [sistema-matricula-utp] [restartedMain] p.e.u.m.SistemaMatriculaUtpApplication   : Starting SistemaMatriculaUtpApplication using Java 21.0.8 with PID 23264 (C:\Users\MARCOS\Documents\IntegradorMimi\sistema-matricula-utp\target\classes started by MARCOS in C:\Users\MARCOS\Documents\IntegradorMimi\sistema-matricula-utp)
2026-06-12T10:26:08.883-05:00 DEBUG 23264 --- [sistema-matricula-utp] [restartedMain] p.e.u.m.SistemaMatriculaUtpApplication   : Running with Spring Boot v3.3.0, Spring v6.1.8
2026-06-12T10:26:08.883-05:00  INFO 23264 --- [sistema-matricula-utp] [restartedMain] p.e.u.m.SistemaMatriculaUtpApplication   : The following 1 profile is active: "local"
2026-06-12T10:36:34.272-05:00  INFO 23264 --- [sistema-matricula-utp] [restartedMain] p.e.u.m.SistemaMatriculaUtpApplication   : Starting SistemaMatriculaUtpApplication using Java 21.0.8 with PID 23264 (C:\Users\MARCOS\Documents\IntegradorMimi\sistema-matricula-utp\target\classes started by MARCOS in C:\Users\MARCOS\Documents\IntegradorMimi\sistema-matricula-utp)
2026-06-12T10:36:34.272-05:00 DEBUG 23264 --- [sistema-matricula-utp] [restartedMain] p.e.u.m.SistemaMatriculaUtpApplication   : Running with Spring Boot v3.3.0, Spring v6.1.8
2026-06-12T10:36:34.273-05:00  INFO 23264 --- [sistema-matricula-utp] [restartedMain] p.e.u.m.SistemaMatriculaUtpApplication   : The following 1 profile is active: "local"
2026-06-12T10:36:36.121-05:00  INFO 23264 --- [sistema-matricula-utp] [restartedMain] p.e.u.m.SistemaMatriculaUtpApplication   : Starting SistemaMatriculaUtpApplication using Java 21.0.8 with PID 23264 (C:\Users\MARCOS\Documents\IntegradorMimi\sistema-matricula-utp\target\classes started by MARCOS in C:\Users\MARCOS\Documents\IntegradorMimi\sistema-matricula-utp)
2026-06-12T10:36:36.121-05:00 DEBUG 23264 --- [sistema-matricula-utp] [restartedMain] p.e.u.m.SistemaMatriculaUtpApplication   : Running with Spring Boot v3.3.0, Spring v6.1.8
2026-06-12T10:36:36.121-05:00  INFO 23264 --- [sistema-matricula-utp] [restartedMain] p.e.u.m.SistemaMatriculaUtpApplication   : The following 1 profile is active: "local"
2026-06-12T10:37:02.357-05:00  INFO 23264 --- [sistema-matricula-utp] [restartedMain] p.e.u.m.SistemaMatriculaUtpApplication   : Starting SistemaMatriculaUtpApplication using Java 21.0.8 with PID 23264 (C:\Users\MARCOS\Documents\IntegradorMimi\sistema-matricula-utp\target\classes started by MARCOS in C:\Users\MARCOS\Documents\IntegradorMimi\sistema-matricula-utp)
2026-06-12T10:37:02.357-05:00 DEBUG 23264 --- [sistema-matricula-utp] [restartedMain] p.e.u.m.SistemaMatriculaUtpApplication   : Running with Spring Boot v3.3.0, Spring v6.1.8
2026-06-12T10:37:02.357-05:00  INFO 23264 --- [sistema-matricula-utp] [restartedMain] p.e.u.m.SistemaMatriculaUtpApplication   : The following 1 profile is active: "local"
2026-06-12T10:37:04.265-05:00  INFO 23264 --- [sistema-matricula-utp] [restartedMain] p.e.u.m.SistemaMatriculaUtpApplication   : Starting SistemaMatriculaUtpApplication using Java 21.0.8 with PID 23264 (C:\Users\MARCOS\Documents\IntegradorMimi\sistema-matricula-utp\target\classes started by MARCOS in C:\Users\MARCOS\Documents\IntegradorMimi\sistema-matricula-utp)
2026-06-12T10:37:04.265-05:00 DEBUG 23264 --- [sistema-matricula-utp] [restartedMain] p.e.u.m.SistemaMatriculaUtpApplication   : Running with Spring Boot v3.3.0, Spring v6.1.8
2026-06-12T10:37:04.265-05:00  INFO 23264 --- [sistema-matricula-utp] [restartedMain] p.e.u.m.SistemaMatriculaUtpApplication   : The following 1 profile is active: "local"
2026-06-12T10:40:40.890-05:00  INFO 23264 --- [sistema-matricula-utp] [restartedMain] p.e.u.m.SistemaMatriculaUtpApplication   : Starting SistemaMatriculaUtpApplication using Java 21.0.8 with PID 23264 (C:\Users\MARCOS\Documents\IntegradorMimi\sistema-matricula-utp\target\classes started by MARCOS in C:\Users\MARCOS\Documents\IntegradorMimi\sistema-matricula-utp)
2026-06-12T10:40:40.890-05:00 DEBUG 23264 --- [sistema-matricula-utp] [restartedMain] p.e.u.m.SistemaMatriculaUtpApplication   : Running with Spring Boot v3.3.0, Spring v6.1.8
2026-06-12T10:40:40.891-05:00  INFO 23264 --- [sistema-matricula-utp] [restartedMain] p.e.u.m.SistemaMatriculaUtpApplication   : The following 1 profile is active: "local"
2026-06-12T10:40:42.887-05:00  INFO 23264 --- [sistema-matricula-utp] [restartedMain] p.e.u.m.SistemaMatriculaUtpApplication   : Starting SistemaMatriculaUtpApplication using Java 21.0.8 with PID 23264 (C:\Users\MARCOS\Documents\IntegradorMimi\sistema-matricula-utp\target\classes started by MARCOS in C:\Users\MARCOS\Documents\IntegradorMimi\sistema-matricula-utp)
2026-06-12T10:40:42.887-05:00 DEBUG 23264 --- [sistema-matricula-utp] [restartedMain] p.e.u.m.SistemaMatriculaUtpApplication   : Running with Spring Boot v3.3.0, Spring v6.1.8
2026-06-12T10:40:42.887-05:00  INFO 23264 --- [sistema-matricula-utp] [restartedMain] p.e.u.m.SistemaMatriculaUtpApplication   : The following 1 profile is active: "local"
2026-06-12T10:41:13.543-05:00  INFO 23264 --- [sistema-matricula-utp] [restartedMain] p.e.u.m.SistemaMatriculaUtpApplication   : Starting SistemaMatriculaUtpApplication using Java 21.0.8 with PID 23264 (C:\Users\MARCOS\Documents\IntegradorMimi\sistema-matricula-utp\target\classes started by MARCOS in C:\Users\MARCOS\Documents\IntegradorMimi\sistema-matricula-utp)
2026-06-12T10:41:13.543-05:00 DEBUG 23264 --- [sistema-matricula-utp] [restartedMain] p.e.u.m.SistemaMatriculaUtpApplication   : Running with Spring Boot v3.3.0, Spring v6.1.8
2026-06-12T10:41:13.543-05:00  INFO 23264 --- [sistema-matricula-utp] [restartedMain] p.e.u.m.SistemaMatriculaUtpApplication   : The following 1 profile is active: "local"
2026-06-12T10:41:15.189-05:00  INFO 23264 --- [sistema-matricula-utp] [restartedMain] p.e.u.m.SistemaMatriculaUtpApplication   : Starting SistemaMatriculaUtpApplication using Java 21.0.8 with PID 23264 (C:\Users\MARCOS\Documents\IntegradorMimi\sistema-matricula-utp\target\classes started by MARCOS in C:\Users\MARCOS\Documents\IntegradorMimi\sistema-matricula-utp)
2026-06-12T10:41:15.190-05:00 DEBUG 23264 --- [sistema-matricula-utp] [restartedMain] p.e.u.m.SistemaMatriculaUtpApplication   : Running with Spring Boot v3.3.0, Spring v6.1.8
2026-06-12T10:41:15.190-05:00  INFO 23264 --- [sistema-matricula-utp] [restartedMain] p.e.u.m.SistemaMatriculaUtpApplication   : The following 1 profile is active: "local"
2026-06-12T10:41:17.997-05:00  INFO 16728 --- [main] p.e.u.m.c.EstudianteControllerTest       : Starting EstudianteControllerTest using Java 21.0.8 with PID 16728 (started by MARCOS in C:\Users\MARCOS\Documents\IntegradorMimi\sistema-matricula-utp)
2026-06-12T10:41:17.998-05:00 DEBUG 16728 --- [main] p.e.u.m.c.EstudianteControllerTest       : Running with Spring Boot v3.3.0, Spring v6.1.8
2026-06-12T10:41:17.999-05:00  INFO 16728 --- [main] p.e.u.m.c.EstudianteControllerTest       : No active profile set, falling back to 1 default profile: "default"
2026-06-12T10:41:21.073-05:00  INFO 16728 --- [main] p.e.u.m.c.EstudianteControllerTest       : Started EstudianteControllerTest in 3.802 seconds (process running for 5.394)
2026-06-12T10:41:21.879-05:00  INFO 16728 --- [main] p.e.u.m.c.MatriculaControllerTest        : Starting MatriculaControllerTest using Java 21.0.8 with PID 16728 (started by MARCOS in C:\Users\MARCOS\Documents\IntegradorMimi\sistema-matricula-utp)
2026-06-12T10:41:21.879-05:00 DEBUG 16728 --- [main] p.e.u.m.c.MatriculaControllerTest        : Running with Spring Boot v3.3.0, Spring v6.1.8
2026-06-12T10:41:21.879-05:00  INFO 16728 --- [main] p.e.u.m.c.MatriculaControllerTest        : No active profile set, falling back to 1 default profile: "default"
2026-06-12T10:41:22.675-05:00  INFO 16728 --- [main] p.e.u.m.c.MatriculaControllerTest        : Started MatriculaControllerTest in 0.836 seconds (process running for 6.996)
2026-06-12T10:41:22.865-05:00  INFO 16728 --- [main] p.e.u.m.i.MatriculaIntegrationTest       : Starting MatriculaIntegrationTest using Java 21.0.8 with PID 16728 (started by MARCOS in C:\Users\MARCOS\Documents\IntegradorMimi\sistema-matricula-utp)
2026-06-12T10:41:22.866-05:00 DEBUG 16728 --- [main] p.e.u.m.i.MatriculaIntegrationTest       : Running with Spring Boot v3.3.0, Spring v6.1.8
2026-06-12T10:41:22.866-05:00  INFO 16728 --- [main] p.e.u.m.i.MatriculaIntegrationTest       : The following 1 profile is active: "test"
2026-06-12T10:41:28.259-05:00  INFO 16728 --- [main] p.e.u.m.i.MatriculaIntegrationTest       : Started MatriculaIntegrationTest in 5.439 seconds (process running for 12.58)
2026-06-12T10:41:28.348-05:00  INFO 16728 --- [main] p.e.u.m.repository.CursoRepositoryTest   : Starting CursoRepositoryTest using Java 21.0.8 with PID 16728 (started by MARCOS in C:\Users\MARCOS\Documents\IntegradorMimi\sistema-matricula-utp)
2026-06-12T10:41:28.348-05:00 DEBUG 16728 --- [main] p.e.u.m.repository.CursoRepositoryTest   : Running with Spring Boot v3.3.0, Spring v6.1.8
2026-06-12T10:41:28.349-05:00  INFO 16728 --- [main] p.e.u.m.repository.CursoRepositoryTest   : No active profile set, falling back to 1 default profile: "default"
2026-06-12T10:41:28.912-05:00  INFO 16728 --- [main] p.e.u.m.repository.CursoRepositoryTest   : Started CursoRepositoryTest in 0.59 seconds (process running for 13.233)
2026-06-12T10:41:30.428-05:00  INFO 16728 --- [main] .u.m.SistemaMatriculaUtpApplicationTests : Starting SistemaMatriculaUtpApplicationTests using Java 21.0.8 with PID 16728 (started by MARCOS in C:\Users\MARCOS\Documents\IntegradorMimi\sistema-matricula-utp)
2026-06-12T10:41:30.428-05:00 DEBUG 16728 --- [main] .u.m.SistemaMatriculaUtpApplicationTests : Running with Spring Boot v3.3.0, Spring v6.1.8
2026-06-12T10:41:30.428-05:00  INFO 16728 --- [main] .u.m.SistemaMatriculaUtpApplicationTests : The following 1 profile is active: "local"
2026-06-12T10:41:31.600-05:00  INFO 16728 --- [main] .u.m.SistemaMatriculaUtpApplicationTests : Started SistemaMatriculaUtpApplicationTests in 1.194 seconds (process running for 15.921)
2026-06-12T10:42:31.761-05:00  INFO 23264 --- [sistema-matricula-utp] [restartedMain] p.e.u.m.SistemaMatriculaUtpApplication   : Starting SistemaMatriculaUtpApplication using Java 21.0.8 with PID 23264 (C:\Users\MARCOS\Documents\IntegradorMimi\sistema-matricula-utp\target\classes started by MARCOS in C:\Users\MARCOS\Documents\IntegradorMimi\sistema-matricula-utp)
2026-06-12T10:42:31.761-05:00 DEBUG 23264 --- [sistema-matricula-utp] [restartedMain] p.e.u.m.SistemaMatriculaUtpApplication   : Running with Spring Boot v3.3.0, Spring v6.1.8
2026-06-12T10:42:31.762-05:00  INFO 23264 --- [sistema-matricula-utp] [restartedMain] p.e.u.m.SistemaMatriculaUtpApplication   : The following 1 profile is active: "local"
2026-06-12T10:42:33.500-05:00  INFO 23264 --- [sistema-matricula-utp] [restartedMain] p.e.u.m.SistemaMatriculaUtpApplication   : Starting SistemaMatriculaUtpApplication using Java 21.0.8 with PID 23264 (C:\Users\MARCOS\Documents\IntegradorMimi\sistema-matricula-utp\target\classes started by MARCOS in C:\Users\MARCOS\Documents\IntegradorMimi\sistema-matricula-utp)
2026-06-12T10:42:33.500-05:00 DEBUG 23264 --- [sistema-matricula-utp] [restartedMain] p.e.u.m.SistemaMatriculaUtpApplication   : Running with Spring Boot v3.3.0, Spring v6.1.8
2026-06-12T10:42:33.500-05:00  INFO 23264 --- [sistema-matricula-utp] [restartedMain] p.e.u.m.SistemaMatriculaUtpApplication   : The following 1 profile is active: "local"
2026-06-12T10:42:36.424-05:00  INFO 9436 --- [main] p.e.u.m.c.EstudianteControllerTest       : Starting EstudianteControllerTest using Java 21.0.8 with PID 9436 (started by MARCOS in C:\Users\MARCOS\Documents\IntegradorMimi\sistema-matricula-utp)
2026-06-12T10:42:36.425-05:00 DEBUG 9436 --- [main] p.e.u.m.c.EstudianteControllerTest       : Running with Spring Boot v3.3.0, Spring v6.1.8
2026-06-12T10:42:36.426-05:00  INFO 9436 --- [main] p.e.u.m.c.EstudianteControllerTest       : No active profile set, falling back to 1 default profile: "default"
2026-06-12T10:42:39.712-05:00  INFO 9436 --- [main] p.e.u.m.c.EstudianteControllerTest       : Started EstudianteControllerTest in 4.013 seconds (process running for 5.76)
2026-06-12T10:42:40.541-05:00  INFO 9436 --- [main] p.e.u.m.c.MatriculaControllerTest        : Starting MatriculaControllerTest using Java 21.0.8 with PID 9436 (started by MARCOS in C:\Users\MARCOS\Documents\IntegradorMimi\sistema-matricula-utp)
2026-06-12T10:42:40.541-05:00 DEBUG 9436 --- [main] p.e.u.m.c.MatriculaControllerTest        : Running with Spring Boot v3.3.0, Spring v6.1.8
2026-06-12T10:42:40.541-05:00  INFO 9436 --- [main] p.e.u.m.c.MatriculaControllerTest        : No active profile set, falling back to 1 default profile: "default"
2026-06-12T10:42:41.349-05:00  INFO 9436 --- [main] p.e.u.m.c.MatriculaControllerTest        : Started MatriculaControllerTest in 0.861 seconds (process running for 7.397)
2026-06-12T10:42:41.513-05:00  INFO 9436 --- [main] p.e.u.m.i.MatriculaIntegrationTest       : Starting MatriculaIntegrationTest using Java 21.0.8 with PID 9436 (started by MARCOS in C:\Users\MARCOS\Documents\IntegradorMimi\sistema-matricula-utp)
2026-06-12T10:42:41.513-05:00 DEBUG 9436 --- [main] p.e.u.m.i.MatriculaIntegrationTest       : Running with Spring Boot v3.3.0, Spring v6.1.8
2026-06-12T10:42:41.514-05:00  INFO 9436 --- [main] p.e.u.m.i.MatriculaIntegrationTest       : The following 1 profile is active: "test"
2026-06-12T10:42:46.893-05:00  INFO 9436 --- [main] p.e.u.m.i.MatriculaIntegrationTest       : Started MatriculaIntegrationTest in 5.418 seconds (process running for 12.941)
2026-06-12T10:42:46.972-05:00  INFO 9436 --- [main] p.e.u.m.repository.CursoRepositoryTest   : Starting CursoRepositoryTest using Java 21.0.8 with PID 9436 (started by MARCOS in C:\Users\MARCOS\Documents\IntegradorMimi\sistema-matricula-utp)
2026-06-12T10:42:46.972-05:00 DEBUG 9436 --- [main] p.e.u.m.repository.CursoRepositoryTest   : Running with Spring Boot v3.3.0, Spring v6.1.8
2026-06-12T10:42:46.973-05:00  INFO 9436 --- [main] p.e.u.m.repository.CursoRepositoryTest   : No active profile set, falling back to 1 default profile: "default"
2026-06-12T10:42:47.476-05:00  INFO 9436 --- [main] p.e.u.m.repository.CursoRepositoryTest   : Started CursoRepositoryTest in 0.529 seconds (process running for 13.524)
2026-06-12T10:42:49.017-05:00  INFO 9436 --- [main] .u.m.SistemaMatriculaUtpApplicationTests : Starting SistemaMatriculaUtpApplicationTests using Java 21.0.8 with PID 9436 (started by MARCOS in C:\Users\MARCOS\Documents\IntegradorMimi\sistema-matricula-utp)
2026-06-12T10:42:49.018-05:00 DEBUG 9436 --- [main] .u.m.SistemaMatriculaUtpApplicationTests : Running with Spring Boot v3.3.0, Spring v6.1.8
2026-06-12T10:42:49.019-05:00  INFO 9436 --- [main] .u.m.SistemaMatriculaUtpApplicationTests : The following 1 profile is active: "local"
2026-06-12T10:42:50.436-05:00  INFO 9436 --- [main] .u.m.SistemaMatriculaUtpApplicationTests : Started SistemaMatriculaUtpApplicationTests in 1.469 seconds (process running for 16.484)
